Building Minion model...
Running Minion...
Solutions:
[
  {
    "x": {
      "Int": 0
    }
  },
  {
    "x": {
      "Int": 1
    }
  }
]
