{
  "variables": [
    [
      {
        "UserName": "b"
      },
      {
        "domain": {
          "IntDomain": [
            {
              "Bounded": [
                1,
                3
              ]
            }
          ]
        }
      }
    ],
    [
      {
        "UserName": "a"
      },
      {
        "domain": {
          "IntDomain": [
            {
              "Bounded": [
                1,
                3
              ]
            }
          ]
        }
      }
    ],
    [
      {
        "UserName": "c"
      },
      {
        "domain": {
          "IntDomain": [
            {
              "Bounded": [
                1,
                3
              ]
            }
          ]
        }
      }
    ]
  ],
  "constraints": [
    {
      "Eq": [
        {
          "Sum": [
            {
              "Reference": {
                "UserName": "a"
              }
            },
            {
              "Reference": {
                "UserName": "b"
              }
            },
            {
              "Reference": {
                "UserName": "c"
              }
            }
          ]
        },
        {
          "ConstantInt": 4
        }
      ]
    },
    {
      "Geq": [
        {
          "Reference": {
            "UserName": "a"
          }
        },
        {
          "Reference": {
            "UserName": "b"
          }
        }
      ]
    }
  ]
}
